// Jest Snapshot v1, https://goo.gl/fbAQLP

exports[`<Button /> should render the medium size by default 1`] = `
.c0 {
  display: -webkit-inline-box;
  display: -webkit-inline-flex;
  display: -ms-inline-flexbox;
  display: inline-flex;
  -webkit-align-items: center;
  -webkit-box-align: center;
  -ms-flex-align: center;
  align-items: center;
  -webkit-box-pack: center;
  -webkit-justify-content: center;
  -ms-flex-pack: center;
  justify-content: center;
  color: #FAFAFA;
  border: 0;
  cursor: pointer;
  border-radius: 0.4rem;
  padding: 0.8rem;
  font-family: Poppins,-apple-system,BlinkMacSystemFont,'Segoe UI',Roboto,Oxygen,Ubuntu,Cantarell,'Open Sans','Helvetica Neue',sans-serif;
  position: relative;
  -webkit-text-decoration: none;
  text-decoration: none;
  background-image: linear-gradient(180deg,#ff5f5f 0%,#f062c0 100%);
  z-index: 1;
  height: 4rem;
  font-size: 1.4rem;
  padding: 0.8rem 3.2rem;
}

.c0::before {
  position: absolute;
  content: '';
  top: 0;
  right: 0;
  bottom: 0;
  left: 0;
  background-image: linear-gradient(180deg,#e35565 0%,#d958a6 50%);
  z-index: -1;
  -webkit-transition: opacity 0.5s linear;
  transition: opacity 0.5s linear;
  opacity: 0;
  border-radius: 0.4rem;
}

.c0:hover::before {
  opacity: 1;
}

<button
  class="c0"
>
  <span>
    Buy now
  </span>
</button>
`
